src/screens/RunScreen.tsx(118,31): error TS2367: This comparison appears to be unintentional because the types 'RunStatus' and '"active"' have no overlap.
src/services/googleAuthService.ts(177,5): error TS2353: Object literal may only specify known properties, and 'useProxy' does not exist in type 'AuthSessionRedirectUriOptions'.
src/services/googleAuthService.ts(403,7): error TS4104: The type 'readonly string[]' is 'readonly' and cannot be assigned to the mutable type 'string[]'.
src/services/googleAuthService.ts(407,7): error TS2353: Object literal may only specify known properties, and 'useProxy' does not exist in type 'AuthRequestPromptOptions'.
src/services/googleAuthService.ts(455,70): error TS2339: Property 'length' does not exist on type 'never'.
src/services/googleAuthService.ts(614,22): error TS2339: Property 'platformSupportsSecureStore' does not exist on type 'typeof import("C:/Users/ritik/runner/frontend/node_modules/expo-auth-session/build/index")'.
